// Jest Snapshot v1, https://goo.gl/fbAQLP

exports[`Modal has the correct PropTypes 1`] = `
<div>
  <div
    class="modal"
  >
    <div
      class="modalWrapper"
    >
      <div
        class="modalContent"
      >
        <span>
          This is a test message
        </span>
      </div>
      <button
        class="closeModalBnt"
      >
        <img
          alt="cross"
          class="crossImage"
          src="cross.svg"
        />
      </button>
    </div>
  </div>
</div>
`;
